baseline: 8 tasks x 5 seeds
{"agent_version": "8f1150995541", "event": "no prior results for this agent; running the full sweep", "level": "info", "logger": "vichara.eval.runner", "timestamp": "2026-09-01T18:19:29.787044Z"}
{"passages": 440, "path": "D:\\AI_Portfolio\\Projects\\ReAct Agent\\data\\fixtures\\rag_corpus.jsonl", "event": "fixture corpus indexed", "level": "info", "logger": "vichara.tools.rag.fixture", "timestamp": "2026-09-01T18:19:29.811524Z"}
{"count": 10, "path": "D:\\AI_Portfolio\\Projects\\ReAct Agent\\data\\fixtures\\search_responses.jsonl", "event": "search recordings loaded", "level": "info", "logger": "vichara.tools.websearch.fixture", "timestamp": "2026-09-01T18:19:29.890536Z"}
{"available": ["run_python", "textbook_search", "web_search", "workspace_file"], "missing": [], "degraded": ["textbook_search", "web_search"], "event": "tool registry built", "level": "info", "logger": "vichara.tools.registry", "timestamp": "2026-09-01T18:19:29.906268Z"}
{"capability_profile": ["run_python", "textbook_search", "web_search", "workspace_file"], "event": "run starting", "task_id": "rag-hypothalamus-pituitary", "session_id": "s4bdeb681a0e2", "level": "info", "logger": "vichara.agent.runner", "timestamp": "2026-09-01T18:19:29.954054Z"}
{"steps": 1, "answerable": true, "clarify": false, "revision": 0, "event": "planned", "node": "plan", "task_id": "rag-hypothalamus-pituitary", "session_id": "s4bdeb681a0e2", "step": 0, "level": "info", "logger": "vichara.agent.nodes.planning", "timestamp": "2026-09-01T18:19:32.695012Z"}
{"decision": "revise", "event": "reflected", "node": "reflect", "task_id": "rag-hypothalamus-pituitary", "session_id": "s4bdeb681a0e2", "step": 3, "level": "info", "logger": "vichara.agent.nodes.planning", "timestamp": "2026-09-01T18:19:32.741978Z"}
{"steps": 1, "answerable": true, "clarify": false, "revision": 1, "event": "planned", "node": "plan", "task_id": "rag-hypothalamus-pituitary", "session_id": "s4bdeb681a0e2", "step": 3, "level": "info", "logger": "vichara.agent.nodes.planning", "timestamp": "2026-09-01T18:19:32.741978Z"}
{"rule": "per_tool_limit", "detail": "textbook_search has already been called 4 times (limit 4).", "soft": true, "event": "guardrail blocked action", "task_id": "rag-hypothalamus-pituitary", "session_id": "s4bdeb681a0e2", "level": "info", "logger": "vichara.agent.nodes.acting", "timestamp": "2026-09-01T18:19:32.757689Z"}
{"terminal": "answered", "steps": 5, "requests": 0, "event": "run finished", "task_id": "rag-hypothalamus-pituitary", "session_id": "s4bdeb681a0e2", "level": "info", "logger": "vichara.agent.nodes.finishing", "timestamp": "2026-09-01T18:19:32.765558Z"}
{"session_id": "s4bdeb681a0e2", "terminal": "answered", "steps": 13, "path": "D:\\AI_Portfolio\\Projects\\ReAct Agent\\trajectories\\runs.jsonl", "event": "trajectory written", "task_id": "rag-hypothalamus-pituitary", "level": "info", "logger": "vichara.trajectory.recorder", "timestamp": "2026-09-01T18:19:32.868357Z"}
{"task": "rag-hypothalamus-pituitary", "seed": 0, "terminal": "answered", "correct": true, "requests": 0, "event": "task scored", "level": "info", "logger": "vichara.eval.runner", "timestamp": "2026-09-01T18:19:32.905987Z"}
{"available": ["run_python", "textbook_search", "web_search", "workspace_file"], "missing": [], "degraded": ["textbook_search", "web_search"], "event": "tool registry built", "level": "info", "logger": "vichara.tools.registry", "timestamp": "2026-09-01T18:19:32.932186Z"}
{"capability_profile": ["run_python", "textbook_search", "web_search", "workspace_file"], "event": "run starting", "task_id": "rag-hypothalamus-pituitary", "session_id": "s3d59fb276607", "level": "info", "logger": "vichara.agent.runner", "timestamp": "2026-09-01T18:19:32.966661Z"}
{"steps": 1, "answerable": true, "clarify": false, "revision": 0, "event": "planned", "node": "plan", "task_id": "rag-hypothalamus-pituitary", "session_id": "s3d59fb276607", "step": 0, "level": "info", "logger": "vichara.agent.nodes.planning", "timestamp": "2026-09-01T18:19:32.974380Z"}
{"decision": "continue", "event": "reflected", "node": "reflect", "task_id": "rag-hypothalamus-pituitary", "session_id": "s3d59fb276607", "step": 3, "level": "info", "logger": "vichara.agent.nodes.planning", "timestamp": "2026-09-01T18:19:33.016800Z"}
{"rule": "per_tool_limit", "detail": "textbook_search has already been called 4 times (limit 4).", "soft": true, "event": "guardrail blocked action", "task_id": "rag-hypothalamus-pituitary", "session_id": "s3d59fb276607", "level": "info", "logger": "vichara.agent.nodes.acting", "timestamp": "2026-09-01T18:19:33.027795Z"}
{"terminal": "answered", "steps": 5, "requests": 0, "event": "run finished", "task_id": "rag-hypothalamus-pituitary", "session_id": "s3d59fb276607", "level": "info", "logger": "vichara.agent.nodes.finishing", "timestamp": "2026-09-01T18:19:33.043562Z"}
{"session_id": "s3d59fb276607", "terminal": "answered", "steps": 12, "path": "D:\\AI_Portfolio\\Projects\\ReAct Agent\\trajectories\\runs.jsonl", "event": "trajectory written", "task_id": "rag-hypothalamus-pituitary", "level": "info", "logger": "vichara.trajectory.recorder", "timestamp": "2026-09-01T18:19:33.155643Z"}
{"task": "rag-hypothalamus-pituitary", "seed": 1, "terminal": "answered", "correct": true, "requests": 0, "event": "task scored", "level": "info", "logger": "vichara.eval.runner", "timestamp": "2026-09-01T18:19:33.171506Z"}
{"available": ["run_python", "textbook_search", "web_search", "workspace_file"], "missing": [], "degraded": ["textbook_search", "web_search"], "event": "tool registry built", "level": "info", "logger": "vichara.tools.registry", "timestamp": "2026-09-01T18:19:33.187606Z"}
{"capability_profile": ["run_python", "textbook_search", "web_search", "workspace_file"], "event": "run starting", "task_id": "rag-hypothalamus-pituitary", "session_id": "s13d0e031ff55", "level": "info", "logger": "vichara.agent.runner", "timestamp": "2026-09-01T18:19:33.234478Z"}
{"steps": 1, "answerable": true, "clarify": false, "revision": 0, "event": "planned", "node": "plan", "task_id": "rag-hypothalamus-pituitary", "session_id": "s13d0e031ff55", "step": 0, "level": "info", "logger": "vichara.agent.nodes.planning", "timestamp": "2026-09-01T18:19:33.260010Z"}
{"decision": "revise", "event": "reflected", "node": "reflect", "task_id": "rag-hypothalamus-pituitary", "session_id": "s13d0e031ff55", "step": 3, "level": "info", "logger": "vichara.agent.nodes.planning", "timestamp": "2026-09-01T18:19:33.313867Z"}
{"steps": 1, "answerable": true, "clarify": false, "revision": 1, "event": "planned", "node": "plan", "task_id": "rag-hypothalamus-pituitary", "session_id": "s13d0e031ff55", "step": 3, "level": "info", "logger": "vichara.agent.nodes.planning", "timestamp": "2026-09-01T18:19:33.313867Z"}
{"rule": "per_tool_limit", "detail": "textbook_search has already been called 4 times (limit 4).", "soft": true, "event": "guardrail blocked action", "task_id": "rag-hypothalamus-pituitary", "session_id": "s13d0e031ff55", "level": "info", "logger": "vichara.agent.nodes.acting", "timestamp": "2026-09-01T18:19:33.329895Z"}
{"terminal": "answered", "steps": 5, "requests": 0, "event": "run finished", "task_id": "rag-hypothalamus-pituitary", "session_id": "s13d0e031ff55", "level": "info", "logger": "vichara.agent.nodes.finishing", "timestamp": "2026-09-01T18:19:33.329895Z"}
{"session_id": "s13d0e031ff55", "terminal": "answered", "steps": 13, "path": "D:\\AI_Portfolio\\Projects\\ReAct Agent\\trajectories\\runs.jsonl", "event": "trajectory written", "task_id": "rag-hypothalamus-pituitary", "level": "info", "logger": "vichara.trajectory.recorder", "timestamp": "2026-09-01T18:19:33.457248Z"}
{"task": "rag-hypothalamus-pituitary", "seed": 2, "terminal": "answered", "correct": true, "requests": 0, "event": "task scored", "level": "info", "logger": "vichara.eval.runner", "timestamp": "2026-09-01T18:19:33.488796Z"}
{"available": ["run_python", "textbook_search", "web_search", "workspace_file"], "missing": [], "degraded": ["textbook_search", "web_search"], "event": "tool registry built", "level": "info", "logger": "vichara.tools.registry", "timestamp": "2026-09-01T18:19:33.520603Z"}
{"capability_profile": ["run_python", "textbook_search", "web_search", "workspace_file"], "event": "run starting", "task_id": "rag-hypothalamus-pituitary", "session_id": "sc45fce63f36c", "level": "info", "logger": "vichara.agent.runner", "timestamp": "2026-09-01T18:19:33.554863Z"}
{"steps": 1, "answerable": true, "clarify": false, "revision": 0, "event": "planned", "node": "plan", "task_id": "rag-hypothalamus-pituitary", "session_id": "sc45fce63f36c", "step": 0, "level": "info", "logger": "vichara.agent.nodes.planning", "timestamp": "2026-09-01T18:19:33.568224Z"}
{"decision": "revise", "event": "reflected", "node": "reflect", "task_id": "rag-hypothalamus-pituitary", "session_id": "sc45fce63f36c", "step": 3, "level": "info", "logger": "vichara.agent.nodes.planning", "timestamp": "2026-09-01T18:19:33.599483Z"}
{"steps": 1, "answerable": true, "clarify": false, "revision": 1, "event": "planned", "node": "plan", "task_id": "rag-hypothalamus-pituitary", "session_id": "sc45fce63f36c", "step": 3, "level": "info", "logger": "vichara.agent.nodes.planning", "timestamp": "2026-09-01T18:19:33.607490Z"}
{"rule": "identical_action", "detail": "textbook_search was already called with these exact arguments.", "soft": true, "event": "guardrail blocked action", "task_id": "rag-hypothalamus-pituitary", "session_id": "sc45fce63f36c", "level": "info", "logger": "vichara.agent.nodes.acting", "timestamp": "2026-09-01T18:19:33.607490Z"}
{"terminal": "answered", "steps": 4, "requests": 1, "event": "run finished", "task_id": "rag-hypothalamus-pituitary", "session_id": "sc45fce63f36c", "level": "info", "logger": "vichara.agent.nodes.finishing", "timestamp": "2026-09-01T18:19:35.370519Z"}
{"session_id": "sc45fce63f36c", "terminal": "answered", "steps": 11, "path": "D:\\AI_Portfolio\\Projects\\ReAct Agent\\trajectories\\runs.jsonl", "event": "trajectory written", "task_id": "rag-hypothalamus-pituitary", "level": "info", "logger": "vichara.trajectory.recorder", "timestamp": "2026-09-01T18:19:35.388103Z"}
{"task": "rag-hypothalamus-pituitary", "seed": 3, "terminal": "answered", "correct": true, "requests": 1, "event": "task scored", "level": "info", "logger": "vichara.eval.runner", "timestamp": "2026-09-01T18:19:35.418500Z"}
{"available": ["run_python", "textbook_search", "web_search", "workspace_file"], "missing": [], "degraded": ["textbook_search", "web_search"], "event": "tool registry built", "level": "info", "logger": "vichara.tools.registry", "timestamp": "2026-09-01T18:19:35.434242Z"}
{"capability_profile": ["run_python", "textbook_search", "web_search", "workspace_file"], "event": "run starting", "task_id": "rag-hypothalamus-pituitary", "session_id": "s3b1f1c52e107", "level": "info", "logger": "vichara.agent.runner", "timestamp": "2026-09-01T18:19:35.466417Z"}
{"steps": 1, "answerable": true, "clarify": false, "revision": 0, "event": "planned", "node": "plan", "task_id": "rag-hypothalamus-pituitary", "session_id": "s3b1f1c52e107", "step": 0, "level": "info", "logger": "vichara.agent.nodes.planning", "timestamp": "2026-09-01T18:19:35.482602Z"}
{"decision": "revise", "event": "reflected", "node": "reflect", "task_id": "rag-hypothalamus-pituitary", "session_id": "s3b1f1c52e107", "step": 3, "level": "info", "logger": "vichara.agent.nodes.planning", "timestamp": "2026-09-01T18:19:35.530251Z"}
{"steps": 1, "answerable": true, "clarify": false, "revision": 1, "event": "planned", "node": "plan", "task_id": "rag-hypothalamus-pituitary", "session_id": "s3b1f1c52e107", "step": 3, "level": "info", "logger": "vichara.agent.nodes.planning", "timestamp": "2026-09-01T18:19:35.530251Z"}
{"rule": "per_tool_limit", "detail": "textbook_search has already been called 4 times (limit 4).", "soft": true, "event": "guardrail blocked action", "task_id": "rag-hypothalamus-pituitary", "session_id": "s3b1f1c52e107", "level": "info", "logger": "vichara.agent.nodes.acting", "timestamp": "2026-09-01T18:19:35.530251Z"}
{"terminal": "answered", "steps": 5, "requests": 0, "event": "run finished", "task_id": "rag-hypothalamus-pituitary", "session_id": "s3b1f1c52e107", "level": "info", "logger": "vichara.agent.nodes.finishing", "timestamp": "2026-09-01T18:19:35.547265Z"}
{"session_id": "s3b1f1c52e107", "terminal": "answered", "steps": 13, "path": "D:\\AI_Portfolio\\Projects\\ReAct Agent\\trajectories\\runs.jsonl", "event": "trajectory written", "task_id": "rag-hypothalamus-pituitary", "level": "info", "logger": "vichara.trajectory.recorder", "timestamp": "2026-09-01T18:19:35.656199Z"}
{"task": "rag-hypothalamus-pituitary", "seed": 4, "terminal": "answered", "correct": true, "requests": 0, "event": "task scored", "level": "info", "logger": "vichara.eval.runner", "timestamp": "2026-09-01T18:19:35.672394Z"}
{"available": ["run_python", "textbook_search", "web_search", "workspace_file"], "missing": [], "degraded": ["textbook_search", "web_search"], "event": "tool registry built", "level": "info", "logger": "vichara.tools.registry", "timestamp": "2026-09-01T18:19:35.690865Z"}
{"capability_profile": ["run_python", "textbook_search", "web_search", "workspace_file"], "event": "run starting", "task_id": "rag-membrane-potential", "session_id": "s1cf282c27774", "level": "info", "logger": "vichara.agent.runner", "timestamp": "2026-09-01T18:19:35.719830Z"}
{"steps": 1, "answerable": true, "clarify": false, "revision": 0, "event": "planned", "node": "plan", "task_id": "rag-membrane-potential", "session_id": "s1cf282c27774", "step": 0, "level": "info", "logger": "vichara.agent.nodes.planning", "timestamp": "2026-09-01T18:19:35.735604Z"}
{"terminal": "answered", "steps": 3, "requests": 0, "event": "run finished", "task_id": "rag-membrane-potential", "session_id": "s1cf282c27774", "level": "info", "logger": "vichara.agent.nodes.finishing", "timestamp": "2026-09-01T18:19:35.767270Z"}
{"session_id": "s1cf282c27774", "terminal": "answered", "steps": 7, "path": "D:\\AI_Portfolio\\Projects\\ReAct Agent\\trajectories\\runs.jsonl", "event": "trajectory written", "task_id": "rag-membrane-potential", "level": "info", "logger": "vichara.trajectory.recorder", "timestamp": "2026-09-01T18:19:35.830976Z"}
{"task": "rag-membrane-potential", "seed": 0, "terminal": "answered", "correct": true, "requests": 0, "event": "task scored", "level": "info", "logger": "vichara.eval.runner", "timestamp": "2026-09-01T18:19:35.830976Z"}
{"available": ["run_python", "textbook_search", "web_search", "workspace_file"], "missing": [], "degraded": ["textbook_search", "web_search"], "event": "tool registry built", "level": "info", "logger": "vichara.tools.registry", "timestamp": "2026-09-01T18:19:35.862971Z"}
{"capability_profile": ["run_python", "textbook_search", "web_search", "workspace_file"], "event": "run starting", "task_id": "rag-membrane-potential", "session_id": "sb20139f68d84", "level": "info", "logger": "vichara.agent.runner", "timestamp": "2026-09-01T18:19:35.894598Z"}
{"steps": 1, "answerable": true, "clarify": false, "revision": 0, "event": "planned", "node": "plan", "task_id": "rag-membrane-potential", "session_id": "sb20139f68d84", "step": 0, "level": "info", "logger": "vichara.agent.nodes.planning", "timestamp": "2026-09-01T18:19:35.894598Z"}
{"rule": "identical_action", "detail": "textbook_search was already called with these exact arguments.", "soft": true, "event": "guardrail blocked action", "task_id": "rag-membrane-potential", "session_id": "sb20139f68d84", "level": "info", "logger": "vichara.agent.nodes.acting", "timestamp": "2026-09-01T18:19:35.926136Z"}
{"terminal": "answered", "steps": 3, "requests": 1, "event": "run finished", "task_id": "rag-membrane-potential", "session_id": "sb20139f68d84", "level": "info", "logger": "vichara.agent.nodes.finishing", "timestamp": "2026-09-01T18:19:37.647064Z"}
{"session_id": "sb20139f68d84", "terminal": "answered", "steps": 7, "path": "D:\\AI_Portfolio\\Projects\\ReAct Agent\\trajectories\\runs.jsonl", "event": "trajectory written", "task_id": "rag-membrane-potential", "level": "info", "logger": "vichara.trajectory.recorder", "timestamp": "2026-09-01T18:19:37.678669Z"}
{"task": "rag-membrane-potential", "seed": 1, "terminal": "answered", "correct": true, "requests": 1, "event": "task scored", "level": "info", "logger": "vichara.eval.runner", "timestamp": "2026-09-01T18:19:37.699899Z"}
{"available": ["run_python", "textbook_search", "web_search", "workspace_file"], "missing": [], "degraded": ["textbook_search", "web_search"], "event": "tool registry built", "level": "info", "logger": "vichara.tools.registry", "timestamp": "2026-09-01T18:19:37.710330Z"}
{"capability_profile": ["run_python", "textbook_search", "web_search", "workspace_file"], "event": "run starting", "task_id": "rag-membrane-potential", "session_id": "s105e7d6f92a6", "level": "info", "logger": "vichara.agent.runner", "timestamp": "2026-09-01T18:19:37.821307Z"}
{"steps": 1, "answerable": true, "clarify": false, "revision": 0, "event": "planned", "node": "plan", "task_id": "rag-membrane-potential", "session_id": "s105e7d6f92a6", "step": 0, "level": "info", "logger": "vichara.agent.nodes.planning", "timestamp": "2026-09-01T18:19:37.842464Z"}
{"terminal": "answered", "steps": 3, "requests": 0, "event": "run finished", "task_id": "rag-membrane-potential", "session_id": "s105e7d6f92a6", "level": "info", "logger": "vichara.agent.nodes.finishing", "timestamp": "2026-09-01T18:19:37.868782Z"}
{"session_id": "s105e7d6f92a6", "terminal": "answered", "steps": 7, "path": "D:\\AI_Portfolio\\Projects\\ReAct Agent\\trajectories\\runs.jsonl", "event": "trajectory written", "task_id": "rag-membrane-potential", "level": "info", "logger": "vichara.trajectory.recorder", "timestamp": "2026-09-01T18:19:37.932714Z"}
{"task": "rag-membrane-potential", "seed": 2, "terminal": "answered", "correct": true, "requests": 0, "event": "task scored", "level": "info", "logger": "vichara.eval.runner", "timestamp": "2026-09-01T18:19:37.932714Z"}
{"available": ["run_python", "textbook_search", "web_search", "workspace_file"], "missing": [], "degraded": ["textbook_search", "web_search"], "event": "tool registry built", "level": "info", "logger": "vichara.tools.registry", "timestamp": "2026-09-01T18:19:37.964464Z"}
{"capability_profile": ["run_python", "textbook_search", "web_search", "workspace_file"], "event": "run starting", "task_id": "rag-membrane-potential", "session_id": "s16e310036937", "level": "info", "logger": "vichara.agent.runner", "timestamp": "2026-09-01T18:19:38.007130Z"}
{"steps": 1, "answerable": true, "clarify": false, "revision": 0, "event": "planned", "node": "plan", "task_id": "rag-membrane-potential", "session_id": "s16e310036937", "step": 0, "level": "info", "logger": "vichara.agent.nodes.planning", "timestamp": "2026-09-01T18:19:38.012327Z"}
{"terminal": "answered", "steps": 3, "requests": 0, "event": "run finished", "task_id": "rag-membrane-potential", "session_id": "s16e310036937", "level": "info", "logger": "vichara.agent.nodes.finishing", "timestamp": "2026-09-01T18:19:38.044458Z"}
{"session_id": "s16e310036937", "terminal": "answered", "steps": 7, "path": "D:\\AI_Portfolio\\Projects\\ReAct Agent\\trajectories\\runs.jsonl", "event": "trajectory written", "task_id": "rag-membrane-potential", "level": "info", "logger": "vichara.trajectory.recorder", "timestamp": "2026-09-01T18:19:38.107616Z"}
{"task": "rag-membrane-potential", "seed": 3, "terminal": "answered", "correct": true, "requests": 0, "event": "task scored", "level": "info", "logger": "vichara.eval.runner", "timestamp": "2026-09-01T18:19:38.123629Z"}
{"available": ["run_python", "textbook_search", "web_search", "workspace_file"], "missing": [], "degraded": ["textbook_search", "web_search"], "event": "tool registry built", "level": "info", "logger": "vichara.tools.registry", "timestamp": "2026-09-01T18:19:38.155889Z"}
{"capability_profile": ["run_python", "textbook_search", "web_search", "workspace_file"], "event": "run starting", "task_id": "rag-membrane-potential", "session_id": "sd30af49654b8", "level": "info", "logger": "vichara.agent.runner", "timestamp": "2026-09-01T18:19:38.187581Z"}
{"steps": 1, "answerable": true, "clarify": false, "revision": 0, "event": "planned", "node": "plan", "task_id": "rag-membrane-potential", "session_id": "sd30af49654b8", "step": 0, "level": "info", "logger": "vichara.agent.nodes.planning", "timestamp": "2026-09-01T18:19:38.203350Z"}
{"rule": "identical_action", "detail": "textbook_search was already called with these exact arguments.", "soft": true, "event": "guardrail blocked action", "task_id": "rag-membrane-potential", "session_id": "sd30af49654b8", "level": "info", "logger": "vichara.agent.nodes.acting", "timestamp": "2026-09-01T18:19:38.235318Z"}
{"terminal": "answered", "steps": 3, "requests": 1, "event": "run finished", "task_id": "rag-membrane-potential", "session_id": "sd30af49654b8", "level": "info", "logger": "vichara.agent.nodes.finishing", "timestamp": "2026-09-01T18:19:40.040706Z"}
{"session_id": "sd30af49654b8", "terminal": "answered", "steps": 7, "path": "D:\\AI_Portfolio\\Projects\\ReAct Agent\\trajectories\\runs.jsonl", "event": "trajectory written", "task_id": "rag-membrane-potential", "level": "info", "logger": "vichara.trajectory.recorder", "timestamp": "2026-09-01T18:19:40.059985Z"}
{"task": "rag-membrane-potential", "seed": 4, "terminal": "answered", "correct": true, "requests": 1, "event": "task scored", "level": "info", "logger": "vichara.eval.runner", "timestamp": "2026-09-01T18:19:40.065686Z"}
{"available": ["run_python", "textbook_search", "web_search", "workspace_file"], "missing": [], "degraded": ["textbook_search", "web_search"], "event": "tool registry built", "level": "info", "logger": "vichara.tools.registry", "timestamp": "2026-09-01T18:19:40.097345Z"}
{"capability_profile": ["run_python", "textbook_search", "web_search", "workspace_file"], "event": "run starting", "task_id": "rag-innate-immunity", "session_id": "s5768ce9b4d6b", "level": "info", "logger": "vichara.agent.runner", "timestamp": "2026-09-01T18:19:40.145458Z"}
{"steps": 1, "answerable": true, "clarify": false, "revision": 0, "event": "planned", "node": "plan", "task_id": "rag-innate-immunity", "session_id": "s5768ce9b4d6b", "step": 0, "level": "info", "logger": "vichara.agent.nodes.planning", "timestamp": "2026-09-01T18:19:40.145458Z"}
{"terminal": "answered", "steps": 3, "requests": 0, "event": "run finished", "task_id": "rag-innate-immunity", "session_id": "s5768ce9b4d6b", "level": "info", "logger": "vichara.agent.nodes.finishing", "timestamp": "2026-09-01T18:19:40.193241Z"}
{"session_id": "s5768ce9b4d6b", "terminal": "answered", "steps": 7, "path": "D:\\AI_Portfolio\\Projects\\ReAct Agent\\trajectories\\runs.jsonl", "event": "trajectory written", "task_id": "rag-innate-immunity", "level": "info", "logger": "vichara.trajectory.recorder", "timestamp": "2026-09-01T18:19:40.262497Z"}
{"task": "rag-innate-immunity", "seed": 0, "terminal": "answered", "correct": true, "requests": 0, "event": "task scored", "level": "info", "logger": "vichara.eval.runner", "timestamp": "2026-09-01T18:19:40.273007Z"}
{"available": ["run_python", "textbook_search", "web_search", "workspace_file"], "missing": [], "degraded": ["textbook_search", "web_search"], "event": "tool registry built", "level": "info", "logger": "vichara.tools.registry", "timestamp": "2026-09-01T18:19:40.288240Z"}
{"capability_profile": ["run_python", "textbook_search", "web_search", "workspace_file"], "event": "run starting", "task_id": "rag-innate-immunity", "session_id": "sc2bc17499730", "level": "info", "logger": "vichara.agent.runner", "timestamp": "2026-09-01T18:19:40.336003Z"}
{"steps": 1, "answerable": true, "clarify": false, "revision": 0, "event": "planned", "node": "plan", "task_id": "rag-innate-immunity", "session_id": "sc2bc17499730", "step": 0, "level": "info", "logger": "vichara.agent.nodes.planning", "timestamp": "2026-09-01T18:19:40.351877Z"}
{"terminal": "answered", "steps": 3, "requests": 0, "event": "run finished", "task_id": "rag-innate-immunity", "session_id": "sc2bc17499730", "level": "info", "logger": "vichara.agent.nodes.finishing", "timestamp": "2026-09-01T18:19:40.383653Z"}
{"session_id": "sc2bc17499730", "terminal": "answered", "steps": 7, "path": "D:\\AI_Portfolio\\Projects\\ReAct Agent\\trajectories\\runs.jsonl", "event": "trajectory written", "task_id": "rag-innate-immunity", "level": "info", "logger": "vichara.trajectory.recorder", "timestamp": "2026-09-01T18:19:40.463048Z"}
{"task": "rag-innate-immunity", "seed": 1, "terminal": "answered", "correct": true, "requests": 0, "event": "task scored", "level": "info", "logger": "vichara.eval.runner", "timestamp": "2026-09-01T18:19:40.479477Z"}
{"available": ["run_python", "textbook_search", "web_search", "workspace_file"], "missing": [], "degraded": ["textbook_search", "web_search"], "event": "tool registry built", "level": "info", "logger": "vichara.tools.registry", "timestamp": "2026-09-01T18:19:40.497512Z"}
{"capability_profile": ["run_python", "textbook_search", "web_search", "workspace_file"], "event": "run starting", "task_id": "rag-innate-immunity", "session_id": "s08952d81738e", "level": "info", "logger": "vichara.agent.runner", "timestamp": "2026-09-01T18:19:40.527110Z"}
{"steps": 1, "answerable": true, "clarify": false, "revision": 0, "event": "planned", "node": "plan", "task_id": "rag-innate-immunity", "session_id": "s08952d81738e", "step": 0, "level": "info", "logger": "vichara.agent.nodes.planning", "timestamp": "2026-09-01T18:19:40.545201Z"}
{"terminal": "answered", "steps": 3, "requests": 0, "event": "run finished", "task_id": "rag-innate-immunity", "session_id": "s08952d81738e", "level": "info", "logger": "vichara.agent.nodes.finishing", "timestamp": "2026-09-01T18:19:40.575032Z"}
{"session_id": "s08952d81738e", "terminal": "answered", "steps": 7, "path": "D:\\AI_Portfolio\\Projects\\ReAct Agent\\trajectories\\runs.jsonl", "event": "trajectory written", "task_id": "rag-innate-immunity", "level": "info", "logger": "vichara.trajectory.recorder", "timestamp": "2026-09-01T18:19:40.651852Z"}
{"task": "rag-innate-immunity", "seed": 2, "terminal": "answered", "correct": true, "requests": 0, "event": "task scored", "level": "info", "logger": "vichara.eval.runner", "timestamp": "2026-09-01T18:19:40.663606Z"}
{"available": ["run_python", "textbook_search", "web_search", "workspace_file"], "missing": [], "degraded": ["textbook_search", "web_search"], "event": "tool registry built", "level": "info", "logger": "vichara.tools.registry", "timestamp": "2026-09-01T18:19:40.686771Z"}
{"capability_profile": ["run_python", "textbook_search", "web_search", "workspace_file"], "event": "run starting", "task_id": "rag-innate-immunity", "session_id": "s4aa54a74744f", "level": "info", "logger": "vichara.agent.runner", "timestamp": "2026-09-01T18:19:40.733941Z"}
{"steps": 1, "answerable": true, "clarify": false, "revision": 0, "event": "planned", "node": "plan", "task_id": "rag-innate-immunity", "session_id": "s4aa54a74744f", "step": 0, "level": "info", "logger": "vichara.agent.nodes.planning", "timestamp": "2026-09-01T18:19:40.749906Z"}
{"count": 2, "spans": ["Anatomy and Physiology, 21.2. Barrier Defenses and the Innate Immune Response*, p.990", "Anatomy and Physiology, 21.3. The Adaptive Immune Response: T lymphocytes and Their Functional Types*, p.996"], "event": "fabricated citations removed", "node": "synthesize", "task_id": "rag-innate-immunity", "session_id": "s4aa54a74744f", "step": 3, "level": "warning", "logger": "vichara.guardrails.citations", "timestamp": "2026-09-01T18:19:40.781462Z"}
{"terminal": "answered", "steps": 3, "requests": 0, "event": "run finished", "task_id": "rag-innate-immunity", "session_id": "s4aa54a74744f", "level": "info", "logger": "vichara.agent.nodes.finishing", "timestamp": "2026-09-01T18:19:40.781462Z"}
{"session_id": "s4aa54a74744f", "terminal": "answered", "steps": 7, "path": "D:\\AI_Portfolio\\Projects\\ReAct Agent\\trajectories\\runs.jsonl", "event": "trajectory written", "task_id": "rag-innate-immunity", "level": "info", "logger": "vichara.trajectory.recorder", "timestamp": "2026-09-01T18:19:40.828504Z"}
{"task": "rag-innate-immunity", "seed": 3, "terminal": "answered", "correct": true, "requests": 0, "event": "task scored", "level": "info", "logger": "vichara.eval.runner", "timestamp": "2026-09-01T18:19:40.828504Z"}
{"available": ["run_python", "textbook_search", "web_search", "workspace_file"], "missing": [], "degraded": ["textbook_search", "web_search"], "event": "tool registry built", "level": "info", "logger": "vichara.tools.registry", "timestamp": "2026-09-01T18:19:40.864752Z"}
{"capability_profile": ["run_python", "textbook_search", "web_search", "workspace_file"], "event": "run starting", "task_id": "rag-innate-immunity", "session_id": "s9b761bd9d937", "level": "info", "logger": "vichara.agent.runner", "timestamp": "2026-09-01T18:19:40.892080Z"}
{"steps": 1, "answerable": true, "clarify": false, "revision": 0, "event": "planned", "node": "plan", "task_id": "rag-innate-immunity", "session_id": "s9b761bd9d937", "step": 0, "level": "info", "logger": "vichara.agent.nodes.planning", "timestamp": "2026-09-01T18:19:40.910868Z"}
{"decision": "revise", "event": "reflected", "node": "reflect", "task_id": "rag-innate-immunity", "session_id": "s9b761bd9d937", "step": 3, "level": "info", "logger": "vichara.agent.nodes.planning", "timestamp": "2026-09-01T18:19:40.955713Z"}
{"steps": 1, "answerable": true, "clarify": false, "revision": 1, "event": "planned", "node": "plan", "task_id": "rag-innate-immunity", "session_id": "s9b761bd9d937", "step": 3, "level": "info", "logger": "vichara.agent.nodes.planning", "timestamp": "2026-09-01T18:19:40.955713Z"}
{"rule": "per_tool_limit", "detail": "textbook_search has already been called 4 times (limit 4).", "soft": true, "event": "guardrail blocked action", "task_id": "rag-innate-immunity", "session_id": "s9b761bd9d937", "level": "info", "logger": "vichara.agent.nodes.acting", "timestamp": "2026-09-01T18:19:40.971459Z"}
{"terminal": "answered", "steps": 5, "requests": 0, "event": "run finished", "task_id": "rag-innate-immunity", "session_id": "s9b761bd9d937", "level": "info", "logger": "vichara.agent.nodes.finishing", "timestamp": "2026-09-01T18:19:40.971459Z"}
{"session_id": "s9b761bd9d937", "terminal": "answered", "steps": 13, "path": "D:\\AI_Portfolio\\Projects\\ReAct Agent\\trajectories\\runs.jsonl", "event": "trajectory written", "task_id": "rag-innate-immunity", "level": "info", "logger": "vichara.trajectory.recorder", "timestamp": "2026-09-01T18:19:41.097885Z"}
{"task": "rag-innate-immunity", "seed": 4, "terminal": "answered", "correct": true, "requests": 0, "event": "task scored", "level": "info", "logger": "vichara.eval.runner", "timestamp": "2026-09-01T18:19:41.129631Z"}
{"available": ["run_python", "textbook_search", "web_search", "workspace_file"], "missing": [], "degraded": ["textbook_search", "web_search"], "event": "tool registry built", "level": "info", "logger": "vichara.tools.registry", "timestamp": "2026-09-01T18:19:41.149608Z"}
{"capability_profile": ["run_python", "textbook_search", "web_search", "workspace_file"], "event": "run starting", "task_id": "rag-blood-vessels", "session_id": "sb152822d5562", "level": "info", "logger": "vichara.agent.runner", "timestamp": "2026-09-01T18:19:41.209548Z"}
{"steps": 1, "answerable": true, "clarify": false, "revision": 0, "event": "planned", "node": "plan", "task_id": "rag-blood-vessels", "session_id": "sb152822d5562", "step": 0, "level": "info", "logger": "vichara.agent.nodes.planning", "timestamp": "2026-09-01T18:19:41.225182Z"}
{"terminal": "answered", "steps": 3, "requests": 0, "event": "run finished", "task_id": "rag-blood-vessels", "session_id": "sb152822d5562", "level": "info", "logger": "vichara.agent.nodes.finishing", "timestamp": "2026-09-01T18:19:41.266290Z"}
{"session_id": "sb152822d5562", "terminal": "answered", "steps": 7, "path": "D:\\AI_Portfolio\\Projects\\ReAct Agent\\trajectories\\runs.jsonl", "event": "trajectory written", "task_id": "rag-blood-vessels", "level": "info", "logger": "vichara.trajectory.recorder", "timestamp": "2026-09-01T18:19:41.320470Z"}
{"task": "rag-blood-vessels", "seed": 0, "terminal": "answered", "correct": true, "requests": 0, "event": "task scored", "level": "info", "logger": "vichara.eval.runner", "timestamp": "2026-09-01T18:19:41.350748Z"}
{"available": ["run_python", "textbook_search", "web_search", "workspace_file"], "missing": [], "degraded": ["textbook_search", "web_search"], "event": "tool registry built", "level": "info", "logger": "vichara.tools.registry", "timestamp": "2026-09-01T18:19:41.368510Z"}
{"capability_profile": ["run_python", "textbook_search", "web_search", "workspace_file"], "event": "run starting", "task_id": "rag-blood-vessels", "session_id": "s81493488fedf", "level": "info", "logger": "vichara.agent.runner", "timestamp": "2026-09-01T18:19:41.416586Z"}
{"steps": 1, "answerable": true, "clarify": false, "revision": 0, "event": "planned", "node": "plan", "task_id": "rag-blood-vessels", "session_id": "s81493488fedf", "step": 0, "level": "info", "logger": "vichara.agent.nodes.planning", "timestamp": "2026-09-01T18:19:41.427989Z"}
{"terminal": "answered", "steps": 3, "requests": 0, "event": "run finished", "task_id": "rag-blood-vessels", "session_id": "s81493488fedf", "level": "info", "logger": "vichara.agent.nodes.finishing", "timestamp": "2026-09-01T18:19:41.464411Z"}
{"session_id": "s81493488fedf", "terminal": "answered", "steps": 7, "path": "D:\\AI_Portfolio\\Projects\\ReAct Agent\\trajectories\\runs.jsonl", "event": "trajectory written", "task_id": "rag-blood-vessels", "level": "info", "logger": "vichara.trajectory.recorder", "timestamp": "2026-09-01T18:19:41.544117Z"}
{"task": "rag-blood-vessels", "seed": 1, "terminal": "answered", "correct": true, "requests": 0, "event": "task scored", "level": "info", "logger": "vichara.eval.runner", "timestamp": "2026-09-01T18:19:41.560194Z"}
{"available": ["run_python", "textbook_search", "web_search", "workspace_file"], "missing": [], "degraded": ["textbook_search", "web_search"], "event": "tool registry built", "level": "info", "logger": "vichara.tools.registry", "timestamp": "2026-09-01T18:19:41.597980Z"}
{"capability_profile": ["run_python", "textbook_search", "web_search", "workspace_file"], "event": "run starting", "task_id": "rag-blood-vessels", "session_id": "s2f9a2f03446e", "level": "info", "logger": "vichara.agent.runner", "timestamp": "2026-09-01T18:19:41.652239Z"}
{"steps": 1, "answerable": true, "clarify": false, "revision": 0, "event": "planned", "node": "plan", "task_id": "rag-blood-vessels", "session_id": "s2f9a2f03446e", "step": 0, "level": "info", "logger": "vichara.agent.nodes.planning", "timestamp": "2026-09-01T18:19:41.655362Z"}
{"terminal": "answered", "steps": 3, "requests": 0, "event": "run finished", "task_id": "rag-blood-vessels", "session_id": "s2f9a2f03446e", "level": "info", "logger": "vichara.agent.nodes.finishing", "timestamp": "2026-09-01T18:19:41.687124Z"}
{"session_id": "s2f9a2f03446e", "terminal": "answered", "steps": 7, "path": "D:\\AI_Portfolio\\Projects\\ReAct Agent\\trajectories\\runs.jsonl", "event": "trajectory written", "task_id": "rag-blood-vessels", "level": "info", "logger": "vichara.trajectory.recorder", "timestamp": "2026-09-01T18:19:41.767198Z"}
{"task": "rag-blood-vessels", "seed": 2, "terminal": "answered", "correct": true, "requests": 0, "event": "task scored", "level": "info", "logger": "vichara.eval.runner", "timestamp": "2026-09-01T18:19:41.798949Z"}
{"available": ["run_python", "textbook_search", "web_search", "workspace_file"], "missing": [], "degraded": ["textbook_search", "web_search"], "event": "tool registry built", "level": "info", "logger": "vichara.tools.registry", "timestamp": "2026-09-01T18:19:41.814954Z"}
{"capability_profile": ["run_python", "textbook_search", "web_search", "workspace_file"], "event": "run starting", "task_id": "rag-blood-vessels", "session_id": "sf59b8d27a3b7", "level": "info", "logger": "vichara.agent.runner", "timestamp": "2026-09-01T18:19:41.846819Z"}
{"steps": 1, "answerable": true, "clarify": false, "revision": 0, "event": "planned", "node": "plan", "task_id": "rag-blood-vessels", "session_id": "sf59b8d27a3b7", "step": 0, "level": "info", "logger": "vichara.agent.nodes.planning", "timestamp": "2026-09-01T18:19:41.863781Z"}
{"decision": "revise", "event": "reflected", "node": "reflect", "task_id": "rag-blood-vessels", "session_id": "sf59b8d27a3b7", "step": 3, "level": "info", "logger": "vichara.agent.nodes.planning", "timestamp": "2026-09-01T18:19:41.926461Z"}
{"steps": 1, "answerable": true, "clarify": false, "revision": 1, "event": "planned", "node": "plan", "task_id": "rag-blood-vessels", "session_id": "sf59b8d27a3b7", "step": 3, "level": "info", "logger": "vichara.agent.nodes.planning", "timestamp": "2026-09-01T18:19:41.926461Z"}
{"terminal": "answered", "steps": 4, "requests": 0, "event": "run finished", "task_id": "rag-blood-vessels", "session_id": "sf59b8d27a3b7", "level": "info", "logger": "vichara.agent.nodes.finishing", "timestamp": "2026-09-01T18:19:41.926461Z"}
{"session_id": "sf59b8d27a3b7", "terminal": "answered", "steps": 11, "path": "D:\\AI_Portfolio\\Projects\\ReAct Agent\\trajectories\\runs.jsonl", "event": "trajectory written", "task_id": "rag-blood-vessels", "level": "info", "logger": "vichara.trajectory.recorder", "timestamp": "2026-09-01T18:19:42.022015Z"}
{"task": "rag-blood-vessels", "seed": 3, "terminal": "answered", "correct": true, "requests": 0, "event": "task scored", "level": "info", "logger": "vichara.eval.runner", "timestamp": "2026-09-01T18:19:42.037842Z"}
{"available": ["run_python", "textbook_search", "web_search", "workspace_file"], "missing": [], "degraded": ["textbook_search", "web_search"], "event": "tool registry built", "level": "info", "logger": "vichara.tools.registry", "timestamp": "2026-09-01T18:19:42.060329Z"}
{"capability_profile": ["run_python", "textbook_search", "web_search", "workspace_file"], "event": "run starting", "task_id": "rag-blood-vessels", "session_id": "sad62f9071b77", "level": "info", "logger": "vichara.agent.runner", "timestamp": "2026-09-01T18:19:42.101557Z"}
{"steps": 1, "answerable": true, "clarify": false, "revision": 0, "event": "planned", "node": "plan", "task_id": "rag-blood-vessels", "session_id": "sad62f9071b77", "step": 0, "level": "info", "logger": "vichara.agent.nodes.planning", "timestamp": "2026-09-01T18:19:42.117224Z"}
{"tool": "textbook_search", "code": "invalid_arguments", "attempts": 0, "detail": "1 validation error for TextbookSearchArgs\nbook\n  Extra inputs are not permitted [type=extra_forbidden, input_value='anatomy-and-physiology', input_type=str]\n    For further information visit https://errors.pydantic.dev/2.12/v/extra_forbidden", "event": "tool failed", "node": "execute", "task_id": "rag-blood-vessels", "session_id": "sad62f9071b77", "step": 2, "level": "warning", "logger": "vichara.tools.base", "timestamp": "2026-09-01T18:19:42.133255Z"}
{"decision": "revise", "event": "reflected", "node": "reflect", "task_id": "rag-blood-vessels", "session_id": "sad62f9071b77", "step": 2, "level": "info", "logger": "vichara.agent.nodes.planning", "timestamp": "2026-09-01T18:19:42.133255Z"}
{"steps": 1, "answerable": true, "clarify": false, "revision": 1, "event": "planned", "node": "plan", "task_id": "rag-blood-vessels", "session_id": "sad62f9071b77", "step": 2, "level": "info", "logger": "vichara.agent.nodes.planning", "timestamp": "2026-09-01T18:19:42.149221Z"}
{"decision": "continue", "event": "reflected", "node": "reflect", "task_id": "rag-blood-vessels", "session_id": "sad62f9071b77", "step": 3, "level": "info", "logger": "vichara.agent.nodes.planning", "timestamp": "2026-09-01T18:19:42.149221Z"}
{"terminal": "answered", "steps": 4, "requests": 0, "event": "run finished", "task_id": "rag-blood-vessels", "session_id": "sad62f9071b77", "level": "info", "logger": "vichara.agent.nodes.finishing", "timestamp": "2026-09-01T18:19:42.165198Z"}
{"session_id": "sad62f9071b77", "terminal": "answered", "steps": 12, "path": "D:\\AI_Portfolio\\Projects\\ReAct Agent\\trajectories\\runs.jsonl", "event": "trajectory written", "task_id": "rag-blood-vessels", "level": "info", "logger": "vichara.trajectory.recorder", "timestamp": "2026-09-01T18:19:42.260758Z"}
{"task": "rag-blood-vessels", "seed": 4, "terminal": "answered", "correct": true, "requests": 0, "event": "task scored", "level": "info", "logger": "vichara.eval.runner", "timestamp": "2026-09-01T18:19:42.276931Z"}
{"available": ["run_python", "textbook_search", "web_search", "workspace_file"], "missing": [], "degraded": ["textbook_search", "web_search"], "event": "tool registry built", "level": "info", "logger": "vichara.tools.registry", "timestamp": "2026-09-01T18:19:42.292345Z"}
{"capability_profile": ["run_python", "textbook_search", "web_search", "workspace_file"], "event": "run starting", "task_id": "rag-fungi", "session_id": "s87bb308fc170", "level": "info", "logger": "vichara.agent.runner", "timestamp": "2026-09-01T18:19:42.324116Z"}
{"steps": 1, "answerable": true, "clarify": false, "revision": 0, "event": "planned", "node": "plan", "task_id": "rag-fungi", "session_id": "s87bb308fc170", "step": 0, "level": "info", "logger": "vichara.agent.nodes.planning", "timestamp": "2026-09-01T18:19:42.340269Z"}
{"terminal": "answered", "steps": 2, "requests": 0, "event": "run finished", "task_id": "rag-fungi", "session_id": "s87bb308fc170", "level": "info", "logger": "vichara.agent.nodes.finishing", "timestamp": "2026-09-01T18:19:42.362093Z"}
{"session_id": "s87bb308fc170", "terminal": "answered", "steps": 5, "path": "D:\\AI_Portfolio\\Projects\\ReAct Agent\\trajectories\\runs.jsonl", "event": "trajectory written", "task_id": "rag-fungi", "level": "info", "logger": "vichara.trajectory.recorder", "timestamp": "2026-09-01T18:19:42.403678Z"}
{"task": "rag-fungi", "seed": 0, "terminal": "answered", "correct": true, "requests": 0, "event": "task scored", "level": "info", "logger": "vichara.eval.runner", "timestamp": "2026-09-01T18:19:42.428203Z"}
{"available": ["run_python", "textbook_search", "web_search", "workspace_file"], "missing": [], "degraded": ["textbook_search", "web_search"], "event": "tool registry built", "level": "info", "logger": "vichara.tools.registry", "timestamp": "2026-09-01T18:19:42.451356Z"}
{"capability_profile": ["run_python", "textbook_search", "web_search", "workspace_file"], "event": "run starting", "task_id": "rag-fungi", "session_id": "s3818c2207dbd", "level": "info", "logger": "vichara.agent.runner", "timestamp": "2026-09-01T18:19:42.477987Z"}
{"steps": 1, "answerable": true, "clarify": false, "revision": 0, "event": "planned", "node": "plan", "task_id": "rag-fungi", "session_id": "s3818c2207dbd", "step": 0, "level": "info", "logger": "vichara.agent.nodes.planning", "timestamp": "2026-09-01T18:19:42.499070Z"}
{"terminal": "answered", "steps": 2, "requests": 0, "event": "run finished", "task_id": "rag-fungi", "session_id": "s3818c2207dbd", "level": "info", "logger": "vichara.agent.nodes.finishing", "timestamp": "2026-09-01T18:19:42.514813Z"}
{"session_id": "s3818c2207dbd", "terminal": "answered", "steps": 5, "path": "D:\\AI_Portfolio\\Projects\\ReAct Agent\\trajectories\\runs.jsonl", "event": "trajectory written", "task_id": "rag-fungi", "level": "info", "logger": "vichara.trajectory.recorder", "timestamp": "2026-09-01T18:19:42.562821Z"}
{"task": "rag-fungi", "seed": 1, "terminal": "answered", "correct": true, "requests": 0, "event": "task scored", "level": "info", "logger": "vichara.eval.runner", "timestamp": "2026-09-01T18:19:42.578540Z"}
{"available": ["run_python", "textbook_search", "web_search", "workspace_file"], "missing": [], "degraded": ["textbook_search", "web_search"], "event": "tool registry built", "level": "info", "logger": "vichara.tools.registry", "timestamp": "2026-09-01T18:19:42.600181Z"}
{"capability_profile": ["run_python", "textbook_search", "web_search", "workspace_file"], "event": "run starting", "task_id": "rag-fungi", "session_id": "sebcafb1ebd06", "level": "info", "logger": "vichara.agent.runner", "timestamp": "2026-09-01T18:19:42.653074Z"}
{"steps": 1, "answerable": true, "clarify": false, "revision": 0, "event": "planned", "node": "plan", "task_id": "rag-fungi", "session_id": "sebcafb1ebd06", "step": 0, "level": "info", "logger": "vichara.agent.nodes.planning", "timestamp": "2026-09-01T18:19:42.663340Z"}
{"terminal": "answered", "steps": 2, "requests": 0, "event": "run finished", "task_id": "rag-fungi", "session_id": "sebcafb1ebd06", "level": "info", "logger": "vichara.agent.nodes.finishing", "timestamp": "2026-09-01T18:19:42.689832Z"}
{"session_id": "sebcafb1ebd06", "terminal": "answered", "steps": 5, "path": "D:\\AI_Portfolio\\Projects\\ReAct Agent\\trajectories\\runs.jsonl", "event": "trajectory written", "task_id": "rag-fungi", "level": "info", "logger": "vichara.trajectory.recorder", "timestamp": "2026-09-01T18:19:42.721465Z"}
{"task": "rag-fungi", "seed": 2, "terminal": "answered", "correct": true, "requests": 0, "event": "task scored", "level": "info", "logger": "vichara.eval.runner", "timestamp": "2026-09-01T18:19:42.747770Z"}
{"available": ["run_python", "textbook_search", "web_search", "workspace_file"], "missing": [], "degraded": ["textbook_search", "web_search"], "event": "tool registry built", "level": "info", "logger": "vichara.tools.registry", "timestamp": "2026-09-01T18:19:42.764555Z"}
{"capability_profile": ["run_python", "textbook_search", "web_search", "workspace_file"], "event": "run starting", "task_id": "rag-fungi", "session_id": "s55925123ff6d", "level": "info", "logger": "vichara.agent.runner", "timestamp": "2026-09-01T18:19:42.792939Z"}
{"steps": 1, "answerable": true, "clarify": false, "revision": 0, "event": "planned", "node": "plan", "task_id": "rag-fungi", "session_id": "s55925123ff6d", "step": 0, "level": "info", "logger": "vichara.agent.nodes.planning", "timestamp": "2026-09-01T18:19:42.800912Z"}
{"terminal": "answered", "steps": 3, "requests": 0, "event": "run finished", "task_id": "rag-fungi", "session_id": "s55925123ff6d", "level": "info", "logger": "vichara.agent.nodes.finishing", "timestamp": "2026-09-01T18:19:42.848347Z"}
{"session_id": "s55925123ff6d", "terminal": "answered", "steps": 7, "path": "D:\\AI_Portfolio\\Projects\\ReAct Agent\\trajectories\\runs.jsonl", "event": "trajectory written", "task_id": "rag-fungi", "level": "info", "logger": "vichara.trajectory.recorder", "timestamp": "2026-09-01T18:19:42.895281Z"}
{"task": "rag-fungi", "seed": 3, "terminal": "answered", "correct": true, "requests": 0, "event": "task scored", "level": "info", "logger": "vichara.eval.runner", "timestamp": "2026-09-01T18:19:42.911016Z"}
{"available": ["run_python", "textbook_search", "web_search", "workspace_file"], "missing": [], "degraded": ["textbook_search", "web_search"], "event": "tool registry built", "level": "info", "logger": "vichara.tools.registry", "timestamp": "2026-09-01T18:19:42.942870Z"}
{"capability_profile": ["run_python", "textbook_search", "web_search", "workspace_file"], "event": "run starting", "task_id": "rag-fungi", "session_id": "s0a5e1751a23e", "level": "info", "logger": "vichara.agent.runner", "timestamp": "2026-09-01T18:19:42.974819Z"}
{"steps": 1, "answerable": true, "clarify": false, "revision": 0, "event": "planned", "node": "plan", "task_id": "rag-fungi", "session_id": "s0a5e1751a23e", "step": 0, "level": "info", "logger": "vichara.agent.nodes.planning", "timestamp": "2026-09-01T18:19:42.990653Z"}
{"terminal": "answered", "steps": 2, "requests": 0, "event": "run finished", "task_id": "rag-fungi", "session_id": "s0a5e1751a23e", "level": "info", "logger": "vichara.agent.nodes.finishing", "timestamp": "2026-09-01T18:19:43.006578Z"}
{"session_id": "s0a5e1751a23e", "terminal": "answered", "steps": 5, "path": "D:\\AI_Portfolio\\Projects\\ReAct Agent\\trajectories\\runs.jsonl", "event": "trajectory written", "task_id": "rag-fungi", "level": "info", "logger": "vichara.trajectory.recorder", "timestamp": "2026-09-01T18:19:43.053717Z"}
{"task": "rag-fungi", "seed": 4, "terminal": "answered", "correct": true, "requests": 0, "event": "task scored", "level": "info", "logger": "vichara.eval.runner", "timestamp": "2026-09-01T18:19:43.069457Z"}
{"available": ["run_python", "textbook_search", "web_search", "workspace_file"], "missing": [], "degraded": ["textbook_search", "web_search"], "event": "tool registry built", "level": "info", "logger": "vichara.tools.registry", "timestamp": "2026-09-01T18:19:43.089875Z"}
{"capability_profile": ["run_python", "textbook_search", "web_search", "workspace_file"], "event": "run starting", "task_id": "search-alphafold", "session_id": "s635cf9b46006", "level": "info", "logger": "vichara.agent.runner", "timestamp": "2026-09-01T18:19:43.117228Z"}
{"steps": 1, "answerable": true, "clarify": false, "revision": 0, "event": "planned", "node": "plan", "task_id": "search-alphafold", "session_id": "s635cf9b46006", "step": 0, "level": "info", "logger": "vichara.agent.nodes.planning", "timestamp": "2026-09-01T18:19:43.133028Z"}
{"query": "AlphaFold impact on structural biology recent research", "matched": "AlphaFold impact on structural biology", "score": 0.714, "event": "replayed search", "level": "info", "logger": "vichara.tools.websearch.fixture", "timestamp": "2026-09-01T18:19:43.149094Z"}
{"terminal": "answered", "steps": 2, "requests": 0, "event": "run finished", "task_id": "search-alphafold", "session_id": "s635cf9b46006", "level": "info", "logger": "vichara.agent.nodes.finishing", "timestamp": "2026-09-01T18:19:43.149094Z"}
{"session_id": "s635cf9b46006", "terminal": "answered", "steps": 5, "path": "D:\\AI_Portfolio\\Projects\\ReAct Agent\\trajectories\\runs.jsonl", "event": "trajectory written", "task_id": "search-alphafold", "level": "info", "logger": "vichara.trajectory.recorder", "timestamp": "2026-09-01T18:19:43.197240Z"}
{"task": "search-alphafold", "seed": 0, "terminal": "answered", "correct": true, "requests": 0, "event": "task scored", "level": "info", "logger": "vichara.eval.runner", "timestamp": "2026-09-01T18:19:43.213330Z"}
{"available": ["run_python", "textbook_search", "web_search", "workspace_file"], "missing": [], "degraded": ["textbook_search", "web_search"], "event": "tool registry built", "level": "info", "logger": "vichara.tools.registry", "timestamp": "2026-09-01T18:19:43.239503Z"}
{"capability_profile": ["run_python", "textbook_search", "web_search", "workspace_file"], "event": "run starting", "task_id": "search-alphafold", "session_id": "s231f5619349c", "level": "info", "logger": "vichara.agent.runner", "timestamp": "2026-09-01T18:19:43.267716Z"}
{"steps": 1, "answerable": true, "clarify": false, "revision": 0, "event": "planned", "node": "plan", "task_id": "search-alphafold", "session_id": "s231f5619349c", "step": 0, "level": "info", "logger": "vichara.agent.nodes.planning", "timestamp": "2026-09-01T18:19:43.283911Z"}
{"query": "AlphaFold impact on structural biology recent research", "matched": "AlphaFold impact on structural biology", "score": 0.714, "event": "replayed search", "level": "info", "logger": "vichara.tools.websearch.fixture", "timestamp": "2026-09-01T18:19:43.292683Z"}
{"terminal": "answered", "steps": 2, "requests": 0, "event": "run finished", "task_id": "search-alphafold", "session_id": "s231f5619349c", "level": "info", "logger": "vichara.agent.nodes.finishing", "timestamp": "2026-09-01T18:19:43.294296Z"}
{"session_id": "s231f5619349c", "terminal": "answered", "steps": 5, "path": "D:\\AI_Portfolio\\Projects\\ReAct Agent\\trajectories\\runs.jsonl", "event": "trajectory written", "task_id": "search-alphafold", "level": "info", "logger": "vichara.trajectory.recorder", "timestamp": "2026-09-01T18:19:43.340454Z"}
{"task": "search-alphafold", "seed": 1, "terminal": "answered", "correct": true, "requests": 0, "event": "task scored", "level": "info", "logger": "vichara.eval.runner", "timestamp": "2026-09-01T18:19:43.356148Z"}
{"available": ["run_python", "textbook_search", "web_search", "workspace_file"], "missing": [], "degraded": ["textbook_search", "web_search"], "event": "tool registry built", "level": "info", "logger": "vichara.tools.registry", "timestamp": "2026-09-01T18:19:43.372124Z"}
{"capability_profile": ["run_python", "textbook_search", "web_search", "workspace_file"], "event": "run starting", "task_id": "search-alphafold", "session_id": "s6bddf8017ccd", "level": "info", "logger": "vichara.agent.runner", "timestamp": "2026-09-01T18:19:43.404156Z"}
{"steps": 1, "answerable": true, "clarify": false, "revision": 0, "event": "planned", "node": "plan", "task_id": "search-alphafold", "session_id": "s6bddf8017ccd", "step": 0, "level": "info", "logger": "vichara.agent.nodes.planning", "timestamp": "2026-09-01T18:19:43.420081Z"}
{"query": "AlphaFold impact structural biology recent research reviews", "matched": "AlphaFold impact on structural biology", "score": 0.5, "event": "replayed search", "level": "info", "logger": "vichara.tools.websearch.fixture", "timestamp": "2026-09-01T18:19:43.420081Z"}
{"terminal": "answered", "steps": 2, "requests": 0, "event": "run finished", "task_id": "search-alphafold", "session_id": "s6bddf8017ccd", "level": "info", "logger": "vichara.agent.nodes.finishing", "timestamp": "2026-09-01T18:19:43.440507Z"}
{"session_id": "s6bddf8017ccd", "terminal": "answered", "steps": 5, "path": "D:\\AI_Portfolio\\Projects\\ReAct Agent\\trajectories\\runs.jsonl", "event": "trajectory written", "task_id": "search-alphafold", "level": "info", "logger": "vichara.trajectory.recorder", "timestamp": "2026-09-01T18:19:43.484473Z"}
{"task": "search-alphafold", "seed": 2, "terminal": "answered", "correct": true, "requests": 0, "event": "task scored", "level": "info", "logger": "vichara.eval.runner", "timestamp": "2026-09-01T18:19:43.484473Z"}
{"available": ["run_python", "textbook_search", "web_search", "workspace_file"], "missing": [], "degraded": ["textbook_search", "web_search"], "event": "tool registry built", "level": "info", "logger": "vichara.tools.registry", "timestamp": "2026-09-01T18:19:43.516072Z"}
{"capability_profile": ["run_python", "textbook_search", "web_search", "workspace_file"], "event": "run starting", "task_id": "search-alphafold", "session_id": "sbf9bff37e38a", "level": "info", "logger": "vichara.agent.runner", "timestamp": "2026-09-01T18:19:43.547948Z"}
{"steps": 1, "answerable": true, "clarify": false, "revision": 0, "event": "planned", "node": "plan", "task_id": "search-alphafold", "session_id": "sbf9bff37e38a", "step": 0, "level": "info", "logger": "vichara.agent.nodes.planning", "timestamp": "2026-09-01T18:19:43.547948Z"}
{"query": "AlphaFold impact on structural biology recent research", "matched": "AlphaFold impact on structural biology", "score": 0.714, "event": "replayed search", "level": "info", "logger": "vichara.tools.websearch.fixture", "timestamp": "2026-09-01T18:19:43.572625Z"}
{"terminal": "answered", "steps": 2, "requests": 0, "event": "run finished", "task_id": "search-alphafold", "session_id": "sbf9bff37e38a", "level": "info", "logger": "vichara.agent.nodes.finishing", "timestamp": "2026-09-01T18:19:43.579969Z"}
{"session_id": "sbf9bff37e38a", "terminal": "answered", "steps": 5, "path": "D:\\AI_Portfolio\\Projects\\ReAct Agent\\trajectories\\runs.jsonl", "event": "trajectory written", "task_id": "search-alphafold", "level": "info", "logger": "vichara.trajectory.recorder", "timestamp": "2026-09-01T18:19:43.630396Z"}
{"task": "search-alphafold", "seed": 3, "terminal": "answered", "correct": true, "requests": 0, "event": "task scored", "level": "info", "logger": "vichara.eval.runner", "timestamp": "2026-09-01T18:19:43.643601Z"}
{"available": ["run_python", "textbook_search", "web_search", "workspace_file"], "missing": [], "degraded": ["textbook_search", "web_search"], "event": "tool registry built", "level": "info", "logger": "vichara.tools.registry", "timestamp": "2026-09-01T18:19:43.663587Z"}
{"capability_profile": ["run_python", "textbook_search", "web_search", "workspace_file"], "event": "run starting", "task_id": "search-alphafold", "session_id": "s5dcec5e3aa51", "level": "info", "logger": "vichara.agent.runner", "timestamp": "2026-09-01T18:19:43.691574Z"}
{"steps": 1, "answerable": true, "clarify": false, "revision": 0, "event": "planned", "node": "plan", "task_id": "search-alphafold", "session_id": "s5dcec5e3aa51", "step": 0, "level": "info", "logger": "vichara.agent.nodes.planning", "timestamp": "2026-09-01T18:19:43.707669Z"}
{"query": "AlphaFold impact on structural biology recent research", "matched": "AlphaFold impact on structural biology", "score": 0.714, "event": "replayed search", "level": "info", "logger": "vichara.tools.websearch.fixture", "timestamp": "2026-09-01T18:19:43.707669Z"}
{"terminal": "answered", "steps": 2, "requests": 0, "event": "run finished", "task_id": "search-alphafold", "session_id": "s5dcec5e3aa51", "level": "info", "logger": "vichara.agent.nodes.finishing", "timestamp": "2026-09-01T18:19:43.731386Z"}
{"session_id": "s5dcec5e3aa51", "terminal": "answered", "steps": 5, "path": "D:\\AI_Portfolio\\Projects\\ReAct Agent\\trajectories\\runs.jsonl", "event": "trajectory written", "task_id": "search-alphafold", "level": "info", "logger": "vichara.trajectory.recorder", "timestamp": "2026-09-01T18:19:43.771204Z"}
{"task": "search-alphafold", "seed": 4, "terminal": "answered", "correct": true, "requests": 0, "event": "task scored", "level": "info", "logger": "vichara.eval.runner", "timestamp": "2026-09-01T18:19:43.771204Z"}
{"available": ["run_python", "textbook_search", "web_search", "workspace_file"], "missing": [], "degraded": ["textbook_search", "web_search"], "event": "tool registry built", "level": "info", "logger": "vichara.tools.registry", "timestamp": "2026-09-01T18:19:43.794743Z"}
{"capability_profile": ["run_python", "textbook_search", "web_search", "workspace_file"], "event": "run starting", "task_id": "search-glp1-mechanism", "session_id": "s5706f98a42db", "level": "info", "logger": "vichara.agent.runner", "timestamp": "2026-09-01T18:19:43.822790Z"}
{"steps": 1, "answerable": true, "clarify": false, "revision": 0, "event": "planned", "node": "plan", "task_id": "search-glp1-mechanism", "session_id": "s5706f98a42db", "step": 0, "level": "info", "logger": "vichara.agent.nodes.planning", "timestamp": "2026-09-01T18:19:43.835189Z"}
{"query": "GLP 1 receptor agonists mechanism of action obesity recent research", "matched": "obesity GLP-1 drugs mechanism of action research", "score": 0.636, "event": "replayed search", "level": "info", "logger": "vichara.tools.websearch.fixture", "timestamp": "2026-09-01T18:19:43.851124Z"}
{"query": "GLP-1 receptor agonists mechanism of action obesity central nervous system appetite vagus nerve", "matched": "obesity GLP-1 drugs mechanism of action research", "score": 0.375, "event": "replayed search", "level": "info", "logger": "vichara.tools.websearch.fixture", "timestamp": "2026-09-01T18:19:43.863385Z"}
{"terminal": "answered", "steps": 3, "requests": 0, "event": "run finished", "task_id": "search-glp1-mechanism", "session_id": "s5706f98a42db", "level": "info", "logger": "vichara.agent.nodes.finishing", "timestamp": "2026-09-01T18:19:43.875398Z"}
{"session_id": "s5706f98a42db", "terminal": "answered", "steps": 7, "path": "D:\\AI_Portfolio\\Projects\\ReAct Agent\\trajectories\\runs.jsonl", "event": "trajectory written", "task_id": "search-glp1-mechanism", "level": "info", "logger": "vichara.trajectory.recorder", "timestamp": "2026-09-01T18:19:43.930913Z"}
{"task": "search-glp1-mechanism", "seed": 0, "terminal": "answered", "correct": true, "requests": 0, "event": "task scored", "level": "info", "logger": "vichara.eval.runner", "timestamp": "2026-09-01T18:19:43.946947Z"}
{"available": ["run_python", "textbook_search", "web_search", "workspace_file"], "missing": [], "degraded": ["textbook_search", "web_search"], "event": "tool registry built", "level": "info", "logger": "vichara.tools.registry", "timestamp": "2026-09-01T18:19:43.972303Z"}
{"capability_profile": ["run_python", "textbook_search", "web_search", "workspace_file"], "event": "run starting", "task_id": "search-glp1-mechanism", "session_id": "s9f369709160c", "level": "info", "logger": "vichara.agent.runner", "timestamp": "2026-09-01T18:19:43.994750Z"}
{"steps": 1, "answerable": true, "clarify": false, "revision": 0, "event": "planned", "node": "plan", "task_id": "search-glp1-mechanism", "session_id": "s9f369709160c", "step": 0, "level": "info", "logger": "vichara.agent.nodes.planning", "timestamp": "2026-09-01T18:19:44.010881Z"}
{"query": "GLP 1 receptor agonists mechanism of action obesity recent research", "matched": "obesity GLP-1 drugs mechanism of action research", "score": 0.636, "event": "replayed search", "level": "info", "logger": "vichara.tools.websearch.fixture", "timestamp": "2026-09-01T18:19:44.010881Z"}
{"decision": "give_up", "event": "reflected", "node": "reflect", "task_id": "search-glp1-mechanism", "session_id": "s9f369709160c", "step": 2, "level": "info", "logger": "vichara.agent.nodes.planning", "timestamp": "2026-09-01T18:19:44.026825Z"}
{"terminal": "refused", "steps": 2, "requests": 0, "event": "run finished", "task_id": "search-glp1-mechanism", "session_id": "s9f369709160c", "level": "info", "logger": "vichara.agent.nodes.finishing", "timestamp": "2026-09-01T18:19:44.026825Z"}
{"session_id": "s9f369709160c", "terminal": "refused", "steps": 6, "path": "D:\\AI_Portfolio\\Projects\\ReAct Agent\\trajectories\\runs.jsonl", "event": "trajectory written", "task_id": "search-glp1-mechanism", "level": "info", "logger": "vichara.trajectory.recorder", "timestamp": "2026-09-01T18:19:44.090120Z"}
{"task": "search-glp1-mechanism", "seed": 1, "terminal": "refused", "correct": false, "requests": 0, "event": "task scored", "level": "info", "logger": "vichara.eval.runner", "timestamp": "2026-09-01T18:19:44.105981Z"}
{"available": ["run_python", "textbook_search", "web_search", "workspace_file"], "missing": [], "degraded": ["textbook_search", "web_search"], "event": "tool registry built", "level": "info", "logger": "vichara.tools.registry", "timestamp": "2026-09-01T18:19:44.121922Z"}
{"capability_profile": ["run_python", "textbook_search", "web_search", "workspace_file"], "event": "run starting", "task_id": "search-glp1-mechanism", "session_id": "s803315f91e1d", "level": "info", "logger": "vichara.agent.runner", "timestamp": "2026-09-01T18:19:44.173064Z"}
{"steps": 1, "answerable": true, "clarify": false, "revision": 0, "event": "planned", "node": "plan", "task_id": "search-glp1-mechanism", "session_id": "s803315f91e1d", "step": 0, "level": "info", "logger": "vichara.agent.nodes.planning", "timestamp": "2026-09-01T18:19:44.185679Z"}
{"query": "GLP 1 receptor agonists mechanism of action obesity recent research", "matched": "obesity GLP-1 drugs mechanism of action research", "score": 0.636, "event": "replayed search", "level": "info", "logger": "vichara.tools.websearch.fixture", "timestamp": "2026-09-01T18:19:44.201520Z"}
{"query": "GLP-1 receptor agonists mechanism of action obesity central nervous system appetite vagus nerve", "matched": "obesity GLP-1 drugs mechanism of action research", "score": 0.375, "event": "replayed search", "level": "info", "logger": "vichara.tools.websearch.fixture", "timestamp": "2026-09-01T18:19:44.217569Z"}
{"terminal": "answered", "steps": 3, "requests": 0, "event": "run finished", "task_id": "search-glp1-mechanism", "session_id": "s803315f91e1d", "level": "info", "logger": "vichara.agent.nodes.finishing", "timestamp": "2026-09-01T18:19:44.248939Z"}
{"session_id": "s803315f91e1d", "terminal": "answered", "steps": 7, "path": "D:\\AI_Portfolio\\Projects\\ReAct Agent\\trajectories\\runs.jsonl", "event": "trajectory written", "task_id": "search-glp1-mechanism", "level": "info", "logger": "vichara.trajectory.recorder", "timestamp": "2026-09-01T18:19:44.295089Z"}
{"task": "search-glp1-mechanism", "seed": 2, "terminal": "answered", "correct": true, "requests": 0, "event": "task scored", "level": "info", "logger": "vichara.eval.runner", "timestamp": "2026-09-01T18:19:44.344378Z"}
{"available": ["run_python", "textbook_search", "web_search", "workspace_file"], "missing": [], "degraded": ["textbook_search", "web_search"], "event": "tool registry built", "level": "info", "logger": "vichara.tools.registry", "timestamp": "2026-09-01T18:19:44.380483Z"}
{"capability_profile": ["run_python", "textbook_search", "web_search", "workspace_file"], "event": "run starting", "task_id": "search-glp1-mechanism", "session_id": "s0a35bf6f46e4", "level": "info", "logger": "vichara.agent.runner", "timestamp": "2026-09-01T18:19:44.407062Z"}
{"steps": 1, "answerable": true, "clarify": false, "revision": 0, "event": "planned", "node": "plan", "task_id": "search-glp1-mechanism", "session_id": "s0a35bf6f46e4", "step": 0, "level": "info", "logger": "vichara.agent.nodes.planning", "timestamp": "2026-09-01T18:19:44.454859Z"}
{"query": "GLP 1 receptor agonists mechanism of action obesity recent research", "matched": "obesity GLP-1 drugs mechanism of action research", "score": 0.636, "event": "replayed search", "level": "info", "logger": "vichara.tools.websearch.fixture", "timestamp": "2026-09-01T18:19:44.478948Z"}
{"terminal": "answered", "steps": 2, "requests": 0, "event": "run finished", "task_id": "search-glp1-mechanism", "session_id": "s0a35bf6f46e4", "level": "info", "logger": "vichara.agent.nodes.finishing", "timestamp": "2026-09-01T18:19:44.495516Z"}
{"session_id": "s0a35bf6f46e4", "terminal": "answered", "steps": 5, "path": "D:\\AI_Portfolio\\Projects\\ReAct Agent\\trajectories\\runs.jsonl", "event": "trajectory written", "task_id": "search-glp1-mechanism", "level": "info", "logger": "vichara.trajectory.recorder", "timestamp": "2026-09-01T18:19:44.518375Z"}
{"task": "search-glp1-mechanism", "seed": 3, "terminal": "answered", "correct": true, "requests": 0, "event": "task scored", "level": "info", "logger": "vichara.eval.runner", "timestamp": "2026-09-01T18:19:44.534597Z"}
{"available": ["run_python", "textbook_search", "web_search", "workspace_file"], "missing": [], "degraded": ["textbook_search", "web_search"], "event": "tool registry built", "level": "info", "logger": "vichara.tools.registry", "timestamp": "2026-09-01T18:19:44.550685Z"}
{"capability_profile": ["run_python", "textbook_search", "web_search", "workspace_file"], "event": "run starting", "task_id": "search-glp1-mechanism", "session_id": "s97495fc1a46a", "level": "info", "logger": "vichara.agent.runner", "timestamp": "2026-09-01T18:19:44.617940Z"}
{"steps": 1, "answerable": true, "clarify": false, "revision": 0, "event": "planned", "node": "plan", "task_id": "search-glp1-mechanism", "session_id": "s97495fc1a46a", "step": 0, "level": "info", "logger": "vichara.agent.nodes.planning", "timestamp": "2026-09-01T18:19:44.631101Z"}
{"query": "GLP 1 receptor agonists mechanism of action obesity recent research", "matched": "obesity GLP-1 drugs mechanism of action research", "score": 0.636, "event": "replayed search", "level": "info", "logger": "vichara.tools.websearch.fixture", "timestamp": "2026-09-01T18:19:44.653460Z"}
{"query": "\"GLP-1\" mechanism of action obesity central nervous system hypothalamus vagus nerve", "matched": "obesity GLP-1 drugs mechanism of action research", "score": 0.429, "event": "replayed search", "level": "info", "logger": "vichara.tools.websearch.fixture", "timestamp": "2026-09-01T18:19:44.668168Z"}
{"terminal": "answered", "steps": 3, "requests": 0, "event": "run finished", "task_id": "search-glp1-mechanism", "session_id": "s97495fc1a46a", "level": "info", "logger": "vichara.agent.nodes.finishing", "timestamp": "2026-09-01T18:19:44.681626Z"}
{"session_id": "s97495fc1a46a", "terminal": "answered", "steps": 7, "path": "D:\\AI_Portfolio\\Projects\\ReAct Agent\\trajectories\\runs.jsonl", "event": "trajectory written", "task_id": "search-glp1-mechanism", "level": "info", "logger": "vichara.trajectory.recorder", "timestamp": "2026-09-01T18:19:44.725662Z"}
{"task": "search-glp1-mechanism", "seed": 4, "terminal": "answered", "correct": true, "requests": 0, "event": "task scored", "level": "info", "logger": "vichara.eval.runner", "timestamp": "2026-09-01T18:19:44.743587Z"}
{"available": ["run_python", "textbook_search", "web_search", "workspace_file"], "missing": [], "degraded": ["textbook_search", "web_search"], "event": "tool registry built", "level": "info", "logger": "vichara.tools.registry", "timestamp": "2026-09-01T18:19:44.758749Z"}
{"capability_profile": ["run_python", "textbook_search", "web_search", "workspace_file"], "event": "run starting", "task_id": "search-car-t-solid-tumours", "session_id": "s486c4aa61db8", "level": "info", "logger": "vichara.agent.runner", "timestamp": "2026-09-01T18:19:44.804959Z"}
{"steps": 1, "answerable": true, "clarify": false, "revision": 0, "event": "planned", "node": "plan", "task_id": "search-car-t-solid-tumours", "session_id": "s486c4aa61db8", "step": 0, "level": "info", "logger": "vichara.agent.nodes.planning", "timestamp": "2026-09-01T18:19:44.820912Z"}
{"query": "CAR-T cell therapy solid tumors progress clinical trials challenges", "matched": "CAR-T cell therapy solid tumors progress", "score": 0.7, "event": "replayed search", "level": "info", "logger": "vichara.tools.websearch.fixture", "timestamp": "2026-09-01T18:19:44.837117Z"}
{"terminal": "answered", "steps": 2, "requests": 0, "event": "run finished", "task_id": "search-car-t-solid-tumours", "session_id": "s486c4aa61db8", "level": "info", "logger": "vichara.agent.nodes.finishing", "timestamp": "2026-09-01T18:19:44.852988Z"}
{"session_id": "s486c4aa61db8", "terminal": "answered", "steps": 5, "path": "D:\\AI_Portfolio\\Projects\\ReAct Agent\\trajectories\\runs.jsonl", "event": "trajectory written", "task_id": "search-car-t-solid-tumours", "level": "info", "logger": "vichara.trajectory.recorder", "timestamp": "2026-09-01T18:19:44.893182Z"}
{"task": "search-car-t-solid-tumours", "seed": 0, "terminal": "answered", "correct": true, "requests": 0, "event": "task scored", "level": "info", "logger": "vichara.eval.runner", "timestamp": "2026-09-01T18:19:44.899755Z"}
{"available": ["run_python", "textbook_search", "web_search", "workspace_file"], "missing": [], "degraded": ["textbook_search", "web_search"], "event": "tool registry built", "level": "info", "logger": "vichara.tools.registry", "timestamp": "2026-09-01T18:19:44.915529Z"}
{"capability_profile": ["run_python", "textbook_search", "web_search", "workspace_file"], "event": "run starting", "task_id": "search-car-t-solid-tumours", "session_id": "sc6ba913aca0d", "level": "info", "logger": "vichara.agent.runner", "timestamp": "2026-09-01T18:19:44.963109Z"}
{"steps": 1, "answerable": true, "clarify": false, "revision": 0, "event": "planned", "node": "plan", "task_id": "search-car-t-solid-tumours", "session_id": "sc6ba913aca0d", "step": 0, "level": "info", "logger": "vichara.agent.nodes.planning", "timestamp": "2026-09-01T18:19:44.963109Z"}
{"query": "CAR T cell therapy solid tumors clinical progress recent reviews", "matched": "CAR-T cell therapy solid tumors progress", "score": 0.7, "event": "replayed search", "level": "info", "logger": "vichara.tools.websearch.fixture", "timestamp": "2026-09-01T18:19:44.987599Z"}
{"terminal": "answered", "steps": 2, "requests": 0, "event": "run finished", "task_id": "search-car-t-solid-tumours", "session_id": "sc6ba913aca0d", "level": "info", "logger": "vichara.agent.nodes.finishing", "timestamp": "2026-09-01T18:19:44.997688Z"}
{"session_id": "sc6ba913aca0d", "terminal": "answered", "steps": 5, "path": "D:\\AI_Portfolio\\Projects\\ReAct Agent\\trajectories\\runs.jsonl", "event": "trajectory written", "task_id": "search-car-t-solid-tumours", "level": "info", "logger": "vichara.trajectory.recorder", "timestamp": "2026-09-01T18:19:45.042480Z"}
{"task": "search-car-t-solid-tumours", "seed": 1, "terminal": "answered", "correct": true, "requests": 0, "event": "task scored", "level": "info", "logger": "vichara.eval.runner", "timestamp": "2026-09-01T18:19:45.058491Z"}
{"available": ["run_python", "textbook_search", "web_search", "workspace_file"], "missing": [], "degraded": ["textbook_search", "web_search"], "event": "tool registry built", "level": "info", "logger": "vichara.tools.registry", "timestamp": "2026-09-01T18:19:45.083928Z"}
{"capability_profile": ["run_python", "textbook_search", "web_search", "workspace_file"], "event": "run starting", "task_id": "search-car-t-solid-tumours", "session_id": "sea7a4a2715c7", "level": "info", "logger": "vichara.agent.runner", "timestamp": "2026-09-01T18:19:45.105949Z"}
{"steps": 1, "answerable": true, "clarify": false, "revision": 0, "event": "planned", "node": "plan", "task_id": "search-car-t-solid-tumours", "session_id": "sea7a4a2715c7", "step": 0, "level": "info", "logger": "vichara.agent.nodes.planning", "timestamp": "2026-09-01T18:19:45.121774Z"}
{"query": "CAR-T cell therapy for solid tumors clinical progress challenges", "matched": "CAR-T cell therapy solid tumors progress", "score": 0.7, "event": "replayed search", "level": "info", "logger": "vichara.tools.websearch.fixture", "timestamp": "2026-09-01T18:19:45.121774Z"}
{"terminal": "answered", "steps": 2, "requests": 0, "event": "run finished", "task_id": "search-car-t-solid-tumours", "session_id": "sea7a4a2715c7", "level": "info", "logger": "vichara.agent.nodes.finishing", "timestamp": "2026-09-01T18:19:45.142927Z"}
{"session_id": "sea7a4a2715c7", "terminal": "answered", "steps": 5, "path": "D:\\AI_Portfolio\\Projects\\ReAct Agent\\trajectories\\runs.jsonl", "event": "trajectory written", "task_id": "search-car-t-solid-tumours", "level": "info", "logger": "vichara.trajectory.recorder", "timestamp": "2026-09-01T18:19:45.186025Z"}
{"task": "search-car-t-solid-tumours", "seed": 2, "terminal": "answered", "correct": true, "requests": 0, "event": "task scored", "level": "info", "logger": "vichara.eval.runner", "timestamp": "2026-09-01T18:19:45.200790Z"}
{"available": ["run_python", "textbook_search", "web_search", "workspace_file"], "missing": [], "degraded": ["textbook_search", "web_search"], "event": "tool registry built", "level": "info", "logger": "vichara.tools.registry", "timestamp": "2026-09-01T18:19:45.216653Z"}
{"capability_profile": ["run_python", "textbook_search", "web_search", "workspace_file"], "event": "run starting", "task_id": "search-car-t-solid-tumours", "session_id": "s2fc7f96f66d1", "level": "info", "logger": "vichara.agent.runner", "timestamp": "2026-09-01T18:19:45.256495Z"}
{"steps": 1, "answerable": true, "clarify": false, "revision": 0, "event": "planned", "node": "plan", "task_id": "search-car-t-solid-tumours", "session_id": "s2fc7f96f66d1", "step": 0, "level": "info", "logger": "vichara.agent.nodes.planning", "timestamp": "2026-09-01T18:19:45.264532Z"}
{"query": "CAR-T cell therapy solid tumors clinical trial progress advancements 2024 2025", "matched": "CAR-T cell therapy solid tumors progress", "score": 0.583, "event": "replayed search", "level": "info", "logger": "vichara.tools.websearch.fixture", "timestamp": "2026-09-01T18:19:45.271430Z"}
{"terminal": "answered", "steps": 2, "requests": 0, "event": "run finished", "task_id": "search-car-t-solid-tumours", "session_id": "s2fc7f96f66d1", "level": "info", "logger": "vichara.agent.nodes.finishing", "timestamp": "2026-09-01T18:19:45.286389Z"}
{"session_id": "s2fc7f96f66d1", "terminal": "answered", "steps": 5, "path": "D:\\AI_Portfolio\\Projects\\ReAct Agent\\trajectories\\runs.jsonl", "event": "trajectory written", "task_id": "search-car-t-solid-tumours", "level": "info", "logger": "vichara.trajectory.recorder", "timestamp": "2026-09-01T18:19:45.327111Z"}
{"task": "search-car-t-solid-tumours", "seed": 3, "terminal": "answered", "correct": true, "requests": 0, "event": "task scored", "level": "info", "logger": "vichara.eval.runner", "timestamp": "2026-09-01T18:19:45.342778Z"}
{"available": ["run_python", "textbook_search", "web_search", "workspace_file"], "missing": [], "degraded": ["textbook_search", "web_search"], "event": "tool registry built", "level": "info", "logger": "vichara.tools.registry", "timestamp": "2026-09-01T18:19:45.374821Z"}
{"capability_profile": ["run_python", "textbook_search", "web_search", "workspace_file"], "event": "run starting", "task_id": "search-car-t-solid-tumours", "session_id": "sb01304b4948a", "level": "info", "logger": "vichara.agent.runner", "timestamp": "2026-09-01T18:19:45.406740Z"}
{"steps": 1, "answerable": true, "clarify": false, "revision": 0, "event": "planned", "node": "plan", "task_id": "search-car-t-solid-tumours", "session_id": "sb01304b4948a", "step": 0, "level": "info", "logger": "vichara.agent.nodes.planning", "timestamp": "2026-09-01T18:19:45.438592Z"}
{"query": "CAR T cell therapy solid tumors clinical progress recent advances", "matched": "CAR-T cell therapy solid tumors progress", "score": 0.7, "event": "replayed search", "level": "info", "logger": "vichara.tools.websearch.fixture", "timestamp": "2026-09-01T18:19:45.457625Z"}
{"terminal": "answered", "steps": 2, "requests": 0, "event": "run finished", "task_id": "search-car-t-solid-tumours", "session_id": "sb01304b4948a", "level": "info", "logger": "vichara.agent.nodes.finishing", "timestamp": "2026-09-01T18:19:45.457625Z"}
{"session_id": "sb01304b4948a", "terminal": "answered", "steps": 5, "path": "D:\\AI_Portfolio\\Projects\\ReAct Agent\\trajectories\\runs.jsonl", "event": "trajectory written", "task_id": "search-car-t-solid-tumours", "level": "info", "logger": "vichara.trajectory.recorder", "timestamp": "2026-09-01T18:19:45.502432Z"}
{"task": "search-car-t-solid-tumours", "seed": 4, "terminal": "answered", "correct": true, "requests": 0, "event": "task scored", "level": "info", "logger": "vichara.eval.runner", "timestamp": "2026-09-01T18:19:45.502432Z"}
              156 runs / 41 tasks              
+---------------------------------------------+
| metric                        |       value |
|-------------------------------+-------------|
| terminal_correct              |      0.9679 |
| answer_correct                |      0.9586 |
| forbidden_tool_rate           |         0.0 |
| cited_rate                    |      0.9167 |
| refusal_correct               |         1.0 |
| mean_steps_to_refusal         |         0.0 |
| false_refusal_rate            |      0.0256 |
| tool_precision (median, IQR)  | 1.0 +/- 0.0 |
| step_efficiency (median, IQR) | 1.0 +/- 0.5 |
| steps (median, IQR)           | 1.0 +/- 2.0 |
| llm_requests (median, IQR)    | 4.0 +/- 4.0 |
+---------------------------------------------+

Inconsistent across seeds: rag-hypothalamus-pituitary, search-glp1-mechanism
